[forensics] 1022 image-mask pairs, 2 groups
[forensics] read + sampled in 13 s
[forensics] done in 53 s -> reports\tools\marida_forensics_officialsplit\forensics.md
  - **Marine Debris** (1): частично выводима из спектра пикселя (лучший CV F1 0.66) [дерево-3 0.07, дерево-5 0.15, LGBM 0.66, AUC 0.989]; лучший порог `NDVI >= 0.0189` CV F1 0.1125
  - **Dense Sargassum** (2): хорошо выводима из спектра пикселя (лучший CV F1 0.88) [дерево-3 0.35, дерево-5 0.88, LGBM 0.71, AUC 0.994]; лучший порог `NDWI <= -0.3898` CV F1 0.5789
  - **Sparse Sargassum** (3): частично выводима из спектра пикселя (лучший CV F1 0.66) [дерево-3 0.19, дерево-5 0.47, LGBM 0.66, AUC 0.971]; лучший порог `NDVI >= 0.2302` CV F1 0.2805
  - **Natural Organic Material** (4): из спектра пикселя выводима слабо (лучший CV F1 0.14) [дерево-3 0.01, дерево-5 0.13, LGBM 0.08, AUC 0.944]; лучший порог `NDWI <= -0.2839` CV F1 0.1422
  - **Ship** (5): из спектра пикселя выводима слабо (лучший CV F1 0.50) [дерево-3 0.07, дерево-5 0.20, LGBM 0.50, AUC 0.975]; лучший порог `BSI >= 0.09619` CV F1 0.1114
  - **Clouds** (6): хорошо выводима из спектра пикселя (лучший CV F1 0.84) [дерево-3 0.34, дерево-5 0.78, LGBM 0.84, AUC 0.980]; лучший порог `B11 >= 0.03803` CV F1 0.8086
  - **Marine Water** (7): частично выводима из спектра пикселя (лучший CV F1 0.74) [дерево-3 0.71, дерево-5 0.66, LGBM 0.70, AUC 0.939]; лучший порог `B3 <= 0.03535` CV F1 0.7442; компоненты почти прямоугольные (полигоны/тайлы?)
  - **Sediment-Laden Water** (8): ОДИН ПОРОГ почти воспроизводит маску: `FDI >= 0.05911` CV F1 0.96 [дерево-3 0.96, дерево-5 0.97, LGBM 0.99, AUC 0.998]
  - **Foam** (9): из спектра пикселя выводима слабо (лучший CV F1 0.31) [дерево-3 0.28, дерево-5 0.31, LGBM 0.10, AUC 0.968]; лучший порог `FDI >= 0.313` CV F1 0.1308; компоненты почти прямоугольные (полигоны/тайлы?)
  - **Turbid Water** (10): хорошо выводима из спектра пикселя (лучший CV F1 0.90) [дерево-3 0.42, дерево-5 0.89, LGBM 0.90, AUC 0.987]; лучший порог `NDWI >= 0.4381` CV F1 0.8194
  - **Shallow Water** (11): из спектра пикселя выводима слабо (лучший CV F1 0.20) [дерево-3 0.10, дерево-5 0.20, LGBM 0.12, AUC 0.755]; лучший порог `BSI <= -0.5321` CV F1 0.1934
  - **Waves** (12): из спектра пикселя выводима слабо (лучший CV F1 0.06) [дерево-3 0.05, дерево-5 0.01, LGBM 0.05, AUC 0.909]; лучший порог `NDVI >= 0.04186` CV F1 0.061
  - **Cloud Shadows** (13): из спектра пикселя выводима слабо (лучший CV F1 0.17) [дерево-3 0.05, дерево-5 0.08, LGBM 0.17, AUC 0.871]; лучший порог `B3 <= 0.016` CV F1 0.1572
  - **Wakes** (14): из спектра пикселя выводима слабо (лучший CV F1 0.07) [дерево-3 0.04, дерево-5 0.05, LGBM 0.05, AUC 0.854]; лучший порог `NBR <= 0.2593` CV F1 0.0688
  - **Mixed Water** (15): из спектра пикселя выводима слабо (лучший CV F1 0.09) [дерево-3 0.00, дерево-5 0.00, LGBM 0.09, AUC 0.931]; лучший порог `B3 <= 0.04127` CV F1 0.0041; компоненты почти прямоугольные (полигоны/тайлы?)

real	0m53.500s
user	0m0.000s
sys	0m0.000s
