[forensics] 1022 image-mask pairs, 48 groups
[forensics] read + sampled in 13 s
[forensics] done in 84 s -> reports\tools\marida_forensics\forensics.md
  - **Marine Debris** (1): частично выводима из спектра пикселя (лучший CV F1 0.68) [дерево-3 0.07, дерево-5 0.15, LGBM 0.68, AUC 0.996]; лучший порог `NDVI >= 0.0189` CV F1 0.1169
  - **Dense Sargassum** (2): хорошо выводима из спектра пикселя (лучший CV F1 0.81) [дерево-3 0.68, дерево-5 0.74, LGBM 0.81, AUC 0.999]; лучший порог `NDVI >= 0.394` CV F1 0.7302
  - **Sparse Sargassum** (3): частично выводима из спектра пикселя (лучший CV F1 0.62) [дерево-3 0.21, дерево-5 0.13, LGBM 0.62, AUC 0.991]; лучший порог `NDVI >= 0.2302` CV F1 0.318
  - **Natural Organic Material** (4): из спектра пикселя выводима слабо (лучший CV F1 0.29) [дерево-3 0.12, дерево-5 0.17, LGBM 0.29, AUC 0.945]; лучший порог `NDVI >= 0.1251` CV F1 0.2198
  - **Ship** (5): из спектра пикселя выводима слабо (лучший CV F1 0.38) [дерево-3 0.17, дерево-5 0.17, LGBM 0.38, AUC 0.963]; лучший порог `B11 >= 0.05556` CV F1 0.1402
  - **Clouds** (6): хорошо выводима из спектра пикселя (лучший CV F1 0.76) [дерево-3 0.63, дерево-5 0.66, LGBM 0.76, AUC 0.982]; лучший порог `B12 >= 0.02305` CV F1 0.7404
  - **Marine Water** (7): хорошо выводима из спектра пикселя (лучший CV F1 0.79) [дерево-3 0.73, дерево-5 0.79, LGBM 0.73, AUC 0.951]; лучший порог `B3 <= 0.03535` CV F1 0.7531; компоненты почти прямоугольные (полигоны/тайлы?)
  - **Sediment-Laden Water** (8): ОДИН ПОРОГ почти воспроизводит маску: `FDI >= 0.05911` CV F1 0.94 [дерево-3 0.97, дерево-5 0.95, LGBM 0.98, AUC 0.992]
  - **Foam** (9): частично выводима из спектра пикселя (лучший CV F1 0.55) [дерево-3 0.23, дерево-5 0.14, LGBM 0.55, AUC 0.976]; лучший порог `FDI >= 0.313` CV F1 0.1276; компоненты почти прямоугольные (полигоны/тайлы?)
  - **Turbid Water** (10): хорошо выводима из спектра пикселя (лучший CV F1 0.84) [дерево-3 0.67, дерево-5 0.84, LGBM 0.75, AUC 0.984]; лучший порог `B7 <= 0.03155` CV F1 0.6261
  - **Shallow Water** (11): из спектра пикселя выводима слабо (лучший CV F1 0.25) [дерево-3 0.19, дерево-5 0.25, LGBM 0.22, AUC 0.900]; лучший порог `NDMI <= 0.1597` CV F1 0.1614
  - **Waves** (12): из спектра пикселя выводима слабо (лучший CV F1 0.11) [дерево-3 0.04, дерево-5 0.03, LGBM 0.11, AUC 0.908]; лучший порог `NDVI >= 0.04186` CV F1 0.0527
  - **Cloud Shadows** (13): из спектра пикселя выводима слабо (лучший CV F1 0.16) [дерево-3 0.08, дерево-5 0.13, LGBM 0.12, AUC 0.897]; лучший порог `B1 <= 0.02562` CV F1 0.1631
  - **Wakes** (14): из спектра пикселя выводима слабо (лучший CV F1 0.12) [дерево-3 0.04, дерево-5 0.12, LGBM 0.06, AUC 0.846]; лучший порог `NBR <= 0.2593` CV F1 0.0604
  - **Mixed Water** (15): из спектра пикселя выводима слабо (лучший CV F1 0.15) [дерево-3 0.00, дерево-5 0.01, LGBM 0.15, AUC 0.947]; лучший порог `NRD >= -0.0008659` CV F1 0.0034; компоненты почти прямоугольные (полигоны/тайлы?)

real	1m24.694s
user	0m0.000s
sys	0m0.000s
